// Vitest Snapshot v1, https://vitest.dev/guide/snapshot.html

exports[`AfterConnect component renders correctly, corresponds to the snapshot 1`] = `
<div
  className="MuiGrid-root MuiGrid-container css-11lq3yg-MuiGrid-root"
>
  <div
    className="MuiGrid-root MuiGrid-container MuiGrid-item MuiGrid-grid-xs-12 MuiGrid-grid-sm-12 MuiGrid-grid-md-12 css-s2k0j8-MuiGrid-root"
  >
    <div
      className="MuiGrid-root MuiGrid-container MuiGrid-item MuiGrid-direction-xs-column MuiGrid-grid-xs-12 MuiGrid-grid-sm-12 MuiGrid-grid-md-12 css-wprbfx-MuiGrid-root"
    >
      <div
        className="MuiBox-root css-0"
      >
        <h4
          className="MuiTypography-root MuiTypography-h4 css-5ysp8d-MuiTypography-root"
        >
          ETH KV Store
        </h4>
        <div
          className="MuiPaper-root MuiPaper-elevation MuiPaper-rounded MuiPaper-elevation1 css-1mu6478-MuiPaper-root"
        >
           
          <div
            className="MuiBox-root css-8atqhb"
          >
            <div
              className="MuiStepper-root MuiStepper-horizontal css-m5vj9m-MuiStepper-root"
            >
              <div
                className="MuiStep-root MuiStep-horizontal css-1bw0nnu-MuiStep-root"
              >
                <span
                  className="MuiStepLabel-root MuiStepLabel-horizontal css-ascpo7-MuiStepLabel-root"
                >
                  <span
                    className="MuiStepLabel-iconContainer Mui-active css-vnkopk-MuiStepLabel-iconContainer"
                  >
                    <svg
                      aria-hidden={true}
                      className="MuiSvgIcon-root MuiSvgIcon-fontSizeMedium MuiStepIcon-root Mui-active css-1u4zpwo-MuiSvgIcon-root-MuiStepIcon-root"
                      focusable="false"
                      viewBox="0 0 24 24"
                    >
                      <circle
                        cx="12"
                        cy="12"
                        r="12"
                      />
                      <text
                        className="MuiStepIcon-text css-117w1su-MuiStepIcon-text"
                        dominantBaseline="central"
                        textAnchor="middle"
                        x="12"
                        y="12"
                      >
                        1
                      </text>
                    </svg>
                  </span>
                  <span
                    className="MuiStepLabel-labelContainer css-1vyamtt-MuiStepLabel-labelContainer"
                  >
                    <span
                      className="MuiStepLabel-label Mui-active css-1hv8oq8-MuiStepLabel-label"
                    >
                      Get Public Key
                    </span>
                  </span>
                </span>
              </div>
              <div
                className="MuiStepConnector-root MuiStepConnector-horizontal Mui-disabled css-j5w0w9-MuiStepConnector-root"
              >
                <span
                  className="MuiStepConnector-line MuiStepConnector-lineHorizontal css-z7uhs0-MuiStepConnector-line"
                />
              </div>
              <div
                className="MuiStep-root MuiStep-horizontal css-1bw0nnu-MuiStep-root"
              >
                <span
                  className="MuiStepLabel-root MuiStepLabel-horizontal Mui-disabled css-ascpo7-MuiStepLabel-root"
                >
                  <span
                    className="MuiStepLabel-iconContainer Mui-disabled css-vnkopk-MuiStepLabel-iconContainer"
                  >
                    <svg
                      aria-hidden={true}
                      className="MuiSvgIcon-root MuiSvgIcon-fontSizeMedium MuiStepIcon-root css-1u4zpwo-MuiSvgIcon-root-MuiStepIcon-root"
                      focusable="false"
                      viewBox="0 0 24 24"
                    >
                      <circle
                        cx="12"
                        cy="12"
                        r="12"
                      />
                      <text
                        className="MuiStepIcon-text css-117w1su-MuiStepIcon-text"
                        dominantBaseline="central"
                        textAnchor="middle"
                        x="12"
                        y="12"
                      >
                        2
                      </text>
                    </svg>
                  </span>
                  <span
                    className="MuiStepLabel-labelContainer css-1vyamtt-MuiStepLabel-labelContainer"
                  >
                    <span
                      className="MuiStepLabel-label Mui-disabled css-1hv8oq8-MuiStepLabel-label"
                    >
                      Add Public Key
                    </span>
                  </span>
                </span>
              </div>
              <div
                className="MuiStepConnector-root MuiStepConnector-horizontal Mui-disabled css-j5w0w9-MuiStepConnector-root"
              >
                <span
                  className="MuiStepConnector-line MuiStepConnector-lineHorizontal css-z7uhs0-MuiStepConnector-line"
                />
              </div>
              <div
                className="MuiStep-root MuiStep-horizontal css-1bw0nnu-MuiStep-root"
              >
                <span
                  className="MuiStepLabel-root MuiStepLabel-horizontal Mui-disabled css-ascpo7-MuiStepLabel-root"
                >
                  <span
                    className="MuiStepLabel-iconContainer Mui-disabled css-vnkopk-MuiStepLabel-iconContainer"
                  >
                    <svg
                      aria-hidden={true}
                      className="MuiSvgIcon-root MuiSvgIcon-fontSizeMedium MuiStepIcon-root css-1u4zpwo-MuiSvgIcon-root-MuiStepIcon-root"
                      focusable="false"
                      viewBox="0 0 24 24"
                    >
                      <circle
                        cx="12"
                        cy="12"
                        r="12"
                      />
                      <text
                        className="MuiStepIcon-text css-117w1su-MuiStepIcon-text"
                        dominantBaseline="central"
                        textAnchor="middle"
                        x="12"
                        y="12"
                      >
                        3
                      </text>
                    </svg>
                  </span>
                  <span
                    className="MuiStepLabel-labelContainer css-1vyamtt-MuiStepLabel-labelContainer"
                  >
                    <span
                      className="MuiStepLabel-label Mui-disabled css-1hv8oq8-MuiStepLabel-label"
                    >
                      Empower Human Scan
                    </span>
                  </span>
                </span>
              </div>
            </div>
          </div>
        </div>
      </div>
    </div>
  </div>
</div>
`;
