// Vitest Snapshot v1, https://vitest.dev/guide/snapshot.html

exports[`Empower component renders correctly, corresponds to the snapshot 1`] = `
<div
  className="MuiGrid-root MuiGrid-container css-11lq3yg-MuiGrid-root"
>
  <div
    className="MuiGrid-root MuiGrid-container MuiGrid-item css-1h16bbz-MuiGrid-root"
  >
    <div
      className="MuiGrid-root MuiGrid-container MuiGrid-item MuiGrid-direction-xs-column MuiGrid-grid-xs-12 MuiGrid-grid-sm-12 MuiGrid-grid-md-12 css-wprbfx-MuiGrid-root"
    >
      <div
        className="MuiBox-root css-0"
      >
        <div
          className="MuiPaper-root MuiPaper-elevation MuiPaper-rounded MuiPaper-elevation1 css-1ps6pg7-MuiPaper-root"
        >
          <div
            className="MuiGrid-root MuiGrid-container MuiGrid-direction-xs-column css-1vpwcmr-MuiGrid-root"
          >
            <div
              className="MuiGrid-root MuiGrid-container MuiGrid-item MuiGrid-direction-xs-column css-1blnjj6-MuiGrid-root"
            >
              <svg
                aria-hidden={true}
                className="MuiSvgIcon-root MuiSvgIcon-fontSizeMedium css-i4bv87-MuiSvgIcon-root"
                data-testid="DoneIcon"
                focusable="false"
                viewBox="0 0 24 24"
              >
                <path
                  d="M9 16.2 4.8 12l-1.4 1.4L9 19 21 7l-1.4-1.4L9 16.2z"
                />
              </svg>
              <h6
                className="MuiTypography-root MuiTypography-h6 css-6ehzuw-MuiTypography-root"
              >
                Success!
              </h6>
              <p
                className="MuiTypography-root MuiTypography-body2 css-14ulajd-MuiTypography-root"
              >
                Your public key has been stored on the blockchain now, click on continue to encrypt or decrypt
              </p>
              <button
                className="MuiButtonBase-root MuiButton-root MuiButton-contained MuiButton-containedPrimary MuiButton-sizeMedium MuiButton-containedSizeMedium MuiButton-root MuiButton-contained MuiButton-containedPrimary MuiButton-sizeMedium MuiButton-containedSizeMedium css-lll1vm-MuiButtonBase-root-MuiButton-root"
                disabled={false}
                onBlur={[Function]}
                onClick={[Function]}
                onContextMenu={[Function]}
                onDragLeave={[Function]}
                onFocus={[Function]}
                onKeyDown={[Function]}
                onKeyUp={[Function]}
                onMouseDown={[Function]}
                onMouseLeave={[Function]}
                onMouseUp={[Function]}
                onTouchEnd={[Function]}
                onTouchMove={[Function]}
                onTouchStart={[Function]}
                tabIndex={0}
                type="button"
              >
                Continue
              </button>
            </div>
          </div>
        </div>
      </div>
    </div>
  </div>
</div>
`;
