// Vitest Snapshot v1, https://vitest.dev/guide/snapshot.html

exports[`ImportPubkey component renders correctly, corresponds to the snapshot 1`] = `
<div
  className="MuiPaper-root MuiPaper-elevation MuiPaper-rounded MuiPaper-elevation1 css-1ps6pg7-MuiPaper-root"
>
  <div
    className="MuiGrid-root MuiGrid-container MuiGrid-direction-xs-column css-1vpwcmr-MuiGrid-root"
  >
    <div
      className="MuiGrid-root MuiGrid-container MuiGrid-item MuiGrid-direction-xs-column css-1feucyh-MuiGrid-root"
    >
       
      <p
        className="MuiTypography-root MuiTypography-body2 css-19djqh4-MuiTypography-root"
      >
        Import your public key
      </p>
      <div
        className="MuiGrid-root MuiGrid-container css-1b716w1-MuiGrid-root"
      >
        <div
          className="MuiGrid-root MuiGrid-container css-1lym95h-MuiGrid-root"
        >
          <button
            className="MuiButtonBase-root MuiButton-root MuiButton-contained MuiButton-containedPrimary MuiButton-sizeMedium MuiButton-containedSizeMedium MuiButton-root MuiButton-contained MuiButton-containedPrimary MuiButton-sizeMedium MuiButton-containedSizeMedium css-nugg1t-MuiButtonBase-root-MuiButton-root"
            disabled={false}
            onBlur={[Function]}
            onClick={[Function]}
            onContextMenu={[Function]}
            onDragLeave={[Function]}
            onFocus={[Function]}
            onKeyDown={[Function]}
            onKeyUp={[Function]}
            onMouseDown={[Function]}
            onMouseLeave={[Function]}
            onMouseUp={[Function]}
            onTouchEnd={[Function]}
            onTouchMove={[Function]}
            onTouchStart={[Function]}
            tabIndex={0}
            type="button"
          >
            Using file
          </button>
        </div>
        <div
          className="MuiGrid-root MuiGrid-container css-1lym95h-MuiGrid-root"
        >
          <button
            className="MuiButtonBase-root MuiButton-root MuiButton-contained MuiButton-containedPrimary MuiButton-sizeMedium MuiButton-containedSizeMedium MuiButton-root MuiButton-contained MuiButton-containedPrimary MuiButton-sizeMedium MuiButton-containedSizeMedium css-nugg1t-MuiButtonBase-root-MuiButton-root"
            disabled={false}
            onBlur={[Function]}
            onClick={[Function]}
            onContextMenu={[Function]}
            onDragLeave={[Function]}
            onFocus={[Function]}
            onKeyDown={[Function]}
            onKeyUp={[Function]}
            onMouseDown={[Function]}
            onMouseLeave={[Function]}
            onMouseUp={[Function]}
            onTouchEnd={[Function]}
            onTouchMove={[Function]}
            onTouchStart={[Function]}
            tabIndex={0}
            type="button"
          >
            Using github
          </button>
        </div>
      </div>
    </div>
    <div
      className="MuiGrid-root MuiGrid-container MuiGrid-item css-hsm2m9-MuiGrid-root"
    >
      <button
        className="MuiButtonBase-root MuiButton-root MuiButton-outlined MuiButton-outlinedPrimary MuiButton-sizeMedium MuiButton-outlinedSizeMedium MuiButton-root MuiButton-outlined MuiButton-outlinedPrimary MuiButton-sizeMedium MuiButton-outlinedSizeMedium css-1eta9s1-MuiButtonBase-root-MuiButton-root"
        disabled={false}
        onBlur={[Function]}
        onClick={[Function]}
        onContextMenu={[Function]}
        onDragLeave={[Function]}
        onFocus={[Function]}
        onKeyDown={[Function]}
        onKeyUp={[Function]}
        onMouseDown={[Function]}
        onMouseLeave={[Function]}
        onMouseUp={[Function]}
        onTouchEnd={[Function]}
        onTouchMove={[Function]}
        onTouchStart={[Function]}
        tabIndex={0}
        type="button"
      >
        Back
      </button>
    </div>
  </div>
</div>
`;
