// Vitest Snapshot v1, https://vitest.dev/guide/snapshot.html

exports[`MainPage component renders correctly, corresponds to the snapshot 1`] = `
<div
  className="MuiGrid-root MuiGrid-container css-11lq3yg-MuiGrid-root"
>
  <div
    className="MuiGrid-root MuiGrid-container MuiGrid-item MuiGrid-grid-xs-12 MuiGrid-grid-sm-6 MuiGrid-grid-md-5 css-p3ua0c-MuiGrid-root"
  >
    <div
      className="MuiGrid-root MuiGrid-container MuiGrid-item MuiGrid-direction-xs-column MuiGrid-grid-xs-12 MuiGrid-grid-sm-12 MuiGrid-grid-md-12 css-1ouail-MuiGrid-root"
    >
      <img
        alt="lbank"
        src="/src/assets/key.svg"
        width="100"
      />
       
      <div>
        <h4
          className="MuiTypography-root MuiTypography-h4 css-11kybd2-MuiTypography-root"
        >
          Empower HUMAN Scan
        </h4>
      </div>
      <div>
        <h4
          className="MuiTypography-root MuiTypography-h4 css-11kybd2-MuiTypography-root"
        >
          with ETH KV Store
        </h4>
      </div>
      <div
        className="MuiBox-root css-1yuhvjn"
      >
        <p
          className="MuiTypography-root MuiTypography-body2 css-19djqh4-MuiTypography-root"
        >
          Store your public key in the blockchain, use your public key to encrypt or decrypt data.
        </p>
      </div>
    </div>
  </div>
  <div
    className="MuiGrid-root MuiGrid-container MuiGrid-item MuiGrid-grid-xs-12 MuiGrid-grid-sm-6 MuiGrid-grid-md-7 css-11ugawa-MuiGrid-root"
  >
    <div
      className="MuiGrid-root MuiGrid-container MuiGrid-item MuiGrid-direction-xs-column MuiGrid-grid-xs-12 MuiGrid-grid-sm-12 MuiGrid-grid-md-12 css-wprbfx-MuiGrid-root"
    >
      <div
        className="MuiBox-root css-0"
      >
        <div
          className="MuiPaper-root MuiPaper-elevation MuiPaper-rounded MuiPaper-elevation1 css-xvlc7i-MuiPaper-root"
        >
           
          <div
            className="MuiBox-root css-8atqhb"
          >
            <div
              className="MuiStepper-root MuiStepper-horizontal css-gw9pil-MuiStepper-root"
            >
              <div
                className="MuiStep-root MuiStep-horizontal css-1bw0nnu-MuiStep-root"
              >
                <span
                  className="MuiStepLabel-root MuiStepLabel-horizontal Mui-disabled css-ascpo7-MuiStepLabel-root"
                >
                  <span
                    className="MuiStepLabel-iconContainer Mui-disabled css-vnkopk-MuiStepLabel-iconContainer"
                  >
                    <svg
                      aria-hidden={true}
                      className="MuiSvgIcon-root MuiSvgIcon-fontSizeMedium MuiStepIcon-root css-1u4zpwo-MuiSvgIcon-root-MuiStepIcon-root"
                      focusable="false"
                      viewBox="0 0 24 24"
                    >
                      <circle
                        cx="12"
                        cy="12"
                        r="12"
                      />
                      <text
                        className="MuiStepIcon-text css-117w1su-MuiStepIcon-text"
                        dominantBaseline="central"
                        textAnchor="middle"
                        x="12"
                        y="12"
                      >
                        1
                      </text>
                    </svg>
                  </span>
                  <span
                    className="MuiStepLabel-labelContainer css-1vyamtt-MuiStepLabel-labelContainer"
                  >
                    <span
                      className="MuiStepLabel-label Mui-disabled css-1hv8oq8-MuiStepLabel-label"
                    >
                      Get Public Key
                    </span>
                  </span>
                </span>
              </div>
              <div
                className="MuiStepConnector-root MuiStepConnector-horizontal Mui-disabled css-j5w0w9-MuiStepConnector-root"
              >
                <span
                  className="MuiStepConnector-line MuiStepConnector-lineHorizontal css-z7uhs0-MuiStepConnector-line"
                />
              </div>
              <div
                className="MuiStep-root MuiStep-horizontal css-1bw0nnu-MuiStep-root"
              >
                <span
                  className="MuiStepLabel-root MuiStepLabel-horizontal Mui-disabled css-ascpo7-MuiStepLabel-root"
                >
                  <span
                    className="MuiStepLabel-iconContainer Mui-disabled css-vnkopk-MuiStepLabel-iconContainer"
                  >
                    <svg
                      aria-hidden={true}
                      className="MuiSvgIcon-root MuiSvgIcon-fontSizeMedium MuiStepIcon-root css-1u4zpwo-MuiSvgIcon-root-MuiStepIcon-root"
                      focusable="false"
                      viewBox="0 0 24 24"
                    >
                      <circle
                        cx="12"
                        cy="12"
                        r="12"
                      />
                      <text
                        className="MuiStepIcon-text css-117w1su-MuiStepIcon-text"
                        dominantBaseline="central"
                        textAnchor="middle"
                        x="12"
                        y="12"
                      >
                        2
                      </text>
                    </svg>
                  </span>
                  <span
                    className="MuiStepLabel-labelContainer css-1vyamtt-MuiStepLabel-labelContainer"
                  >
                    <span
                      className="MuiStepLabel-label Mui-disabled css-1hv8oq8-MuiStepLabel-label"
                    >
                      Add Public Key
                    </span>
                  </span>
                </span>
              </div>
              <div
                className="MuiStepConnector-root MuiStepConnector-horizontal Mui-disabled css-j5w0w9-MuiStepConnector-root"
              >
                <span
                  className="MuiStepConnector-line MuiStepConnector-lineHorizontal css-z7uhs0-MuiStepConnector-line"
                />
              </div>
              <div
                className="MuiStep-root MuiStep-horizontal css-1bw0nnu-MuiStep-root"
              >
                <span
                  className="MuiStepLabel-root MuiStepLabel-horizontal Mui-disabled css-ascpo7-MuiStepLabel-root"
                >
                  <span
                    className="MuiStepLabel-iconContainer Mui-disabled css-vnkopk-MuiStepLabel-iconContainer"
                  >
                    <svg
                      aria-hidden={true}
                      className="MuiSvgIcon-root MuiSvgIcon-fontSizeMedium MuiStepIcon-root css-1u4zpwo-MuiSvgIcon-root-MuiStepIcon-root"
                      focusable="false"
                      viewBox="0 0 24 24"
                    >
                      <circle
                        cx="12"
                        cy="12"
                        r="12"
                      />
                      <text
                        className="MuiStepIcon-text css-117w1su-MuiStepIcon-text"
                        dominantBaseline="central"
                        textAnchor="middle"
                        x="12"
                        y="12"
                      >
                        3
                      </text>
                    </svg>
                  </span>
                  <span
                    className="MuiStepLabel-labelContainer css-1vyamtt-MuiStepLabel-labelContainer"
                  >
                    <span
                      className="MuiStepLabel-label Mui-disabled css-1hv8oq8-MuiStepLabel-label"
                    >
                      Empower Human Scan
                    </span>
                  </span>
                </span>
              </div>
            </div>
          </div>
        </div>
        <div
          className="MuiPaper-root MuiPaper-elevation MuiPaper-rounded MuiPaper-elevation1 css-1ps6pg7-MuiPaper-root"
        >
          <div
            className="MuiGrid-root MuiGrid-container MuiGrid-direction-xs-column css-1vpwcmr-MuiGrid-root"
          >
            <div
              className="MuiGrid-root MuiGrid-container MuiGrid-item MuiGrid-direction-xs-column css-1qggkl5-MuiGrid-root"
            >
               
              <img
                alt="lbank"
                src="/src/assets/wallet.svg"
                width="100"
              />
               
              <p
                className="MuiTypography-root MuiTypography-body2 css-1sn46sq-MuiTypography-root"
              >
                Connect your wallet to continue
              </p>
            </div>
            <div
              className="MuiGrid-root MuiGrid-container MuiGrid-item css-1tmh5b9-MuiGrid-root"
            >
              <button
                className="MuiButtonBase-root MuiButton-root MuiButton-outlined MuiButton-outlinedPrimary MuiButton-sizeMedium MuiButton-outlinedSizeMedium MuiButton-root MuiButton-outlined MuiButton-outlinedPrimary MuiButton-sizeMedium MuiButton-outlinedSizeMedium css-wx8yk7-MuiButtonBase-root-MuiButton-root"
                disabled={false}
                onBlur={[Function]}
                onClick={[Function]}
                onContextMenu={[Function]}
                onDragLeave={[Function]}
                onFocus={[Function]}
                onKeyDown={[Function]}
                onKeyUp={[Function]}
                onMouseDown={[Function]}
                onMouseLeave={[Function]}
                onMouseUp={[Function]}
                onTouchEnd={[Function]}
                onTouchMove={[Function]}
                onTouchStart={[Function]}
                tabIndex={0}
                type="button"
              >
                Connect Wallet
              </button>
            </div>
          </div>
        </div>
      </div>
    </div>
  </div>
</div>
`;
