// Vitest Snapshot v1, https://vitest.dev/guide/snapshot.html

exports[`BarChart component renders correctly, corresponds to the snapshot 1`] = `
<div
  className="MuiBox-root css-19n1ffs"
>
  <p
    className="MuiTypography-root MuiTypography-body2 css-dapz8w-MuiTypography-root"
  >
    Title
  </p>
  <h2
    className="MuiTypography-root MuiTypography-h2 css-1ag1ig1-MuiTypography-root"
  >
    100
  </h2>
  <div
    className="MuiBox-root css-zgm2l"
  >
    <div
      className="recharts-responsive-container"
      style={
        {
          "height": "100%",
          "maxHeight": undefined,
          "minHeight": undefined,
          "minWidth": 0,
          "width": "100%",
        }
      }
    />
  </div>
</div>
`;
