// Vitest Snapshot v1, https://vitest.dev/guide/snapshot.html

exports[`AfterConnect component renders correctly, corresponds to the snapshot 1`] = `
<div
  className="MuiGrid-root MuiGrid-container css-11lq3yg-MuiGrid-root"
>
  <div
    className="MuiGrid-root MuiGrid-container MuiGrid-item MuiGrid-grid-xs-12 MuiGrid-grid-sm-12 MuiGrid-grid-md-12 css-s2k0j8-MuiGrid-root"
  >
    <div
      className="MuiGrid-root MuiGrid-container MuiGrid-item MuiGrid-direction-xs-column MuiGrid-grid-xs-12 MuiGrid-grid-sm-12 MuiGrid-grid-md-12 css-wprbfx-MuiGrid-root"
    >
      <div
        className="MuiBox-root css-0"
      >
        <h4
          className="MuiTypography-root MuiTypography-h4 css-5ysp8d-MuiTypography-root"
        >
          HUMAN Faucet for testnet
        </h4>
        <div
          className="MuiPaper-root MuiPaper-elevation MuiPaper-rounded MuiPaper-elevation1 css-1mu6478-MuiPaper-root"
        >
           
          <div
            className="MuiBox-root css-8atqhb"
          >
            <div
              className="MuiStepper-root MuiStepper-horizontal css-m5vj9m-MuiStepper-root"
            >
              <div
                className="MuiStep-root MuiStep-horizontal css-1bw0nnu-MuiStep-root"
              >
                <span
                  className="MuiStepLabel-root MuiStepLabel-horizontal css-ascpo7-MuiStepLabel-root"
                >
                  <span
                    className="MuiStepLabel-iconContainer Mui-active css-vnkopk-MuiStepLabel-iconContainer"
                  >
                    <svg
                      aria-hidden={true}
                      className="MuiSvgIcon-root MuiSvgIcon-fontSizeMedium MuiStepIcon-root Mui-active css-1u4zpwo-MuiSvgIcon-root-MuiStepIcon-root"
                      focusable="false"
                      viewBox="0 0 24 24"
                    >
                      <circle
                        cx="12"
                        cy="12"
                        r="12"
                      />
                      <text
                        className="MuiStepIcon-text css-117w1su-MuiStepIcon-text"
                        dominantBaseline="central"
                        textAnchor="middle"
                        x="12"
                        y="12"
                      >
                        1
                      </text>
                    </svg>
                  </span>
                  <span
                    className="MuiStepLabel-labelContainer css-1vyamtt-MuiStepLabel-labelContainer"
                  >
                    <span
                      className="MuiStepLabel-label Mui-active css-1hv8oq8-MuiStepLabel-label"
                    >
                      Wallet Address
                    </span>
                  </span>
                </span>
              </div>
              <div
                className="MuiStepConnector-root MuiStepConnector-horizontal Mui-disabled css-j5w0w9-MuiStepConnector-root"
              >
                <span
                  className="MuiStepConnector-line MuiStepConnector-lineHorizontal css-z7uhs0-MuiStepConnector-line"
                />
              </div>
              <div
                className="MuiStep-root MuiStep-horizontal css-1bw0nnu-MuiStep-root"
              >
                <span
                  className="MuiStepLabel-root MuiStepLabel-horizontal Mui-disabled css-ascpo7-MuiStepLabel-root"
                >
                  <span
                    className="MuiStepLabel-iconContainer Mui-disabled css-vnkopk-MuiStepLabel-iconContainer"
                  >
                    <svg
                      aria-hidden={true}
                      className="MuiSvgIcon-root MuiSvgIcon-fontSizeMedium MuiStepIcon-root css-1u4zpwo-MuiSvgIcon-root-MuiStepIcon-root"
                      focusable="false"
                      viewBox="0 0 24 24"
                    >
                      <circle
                        cx="12"
                        cy="12"
                        r="12"
                      />
                      <text
                        className="MuiStepIcon-text css-117w1su-MuiStepIcon-text"
                        dominantBaseline="central"
                        textAnchor="middle"
                        x="12"
                        y="12"
                      >
                        2
                      </text>
                    </svg>
                  </span>
                  <span
                    className="MuiStepLabel-labelContainer css-1vyamtt-MuiStepLabel-labelContainer"
                  >
                    <span
                      className="MuiStepLabel-label Mui-disabled css-1hv8oq8-MuiStepLabel-label"
                    >
                      Send Test tokens
                    </span>
                  </span>
                </span>
              </div>
              <div
                className="MuiStepConnector-root MuiStepConnector-horizontal Mui-disabled css-j5w0w9-MuiStepConnector-root"
              >
                <span
                  className="MuiStepConnector-line MuiStepConnector-lineHorizontal css-z7uhs0-MuiStepConnector-line"
                />
              </div>
              <div
                className="MuiStep-root MuiStep-horizontal css-1bw0nnu-MuiStep-root"
              >
                <span
                  className="MuiStepLabel-root MuiStepLabel-horizontal Mui-disabled css-ascpo7-MuiStepLabel-root"
                >
                  <span
                    className="MuiStepLabel-iconContainer Mui-disabled css-vnkopk-MuiStepLabel-iconContainer"
                  >
                    <svg
                      aria-hidden={true}
                      className="MuiSvgIcon-root MuiSvgIcon-fontSizeMedium MuiStepIcon-root css-1u4zpwo-MuiSvgIcon-root-MuiStepIcon-root"
                      focusable="false"
                      viewBox="0 0 24 24"
                    >
                      <circle
                        cx="12"
                        cy="12"
                        r="12"
                      />
                      <text
                        className="MuiStepIcon-text css-117w1su-MuiStepIcon-text"
                        dominantBaseline="central"
                        textAnchor="middle"
                        x="12"
                        y="12"
                      >
                        3
                      </text>
                    </svg>
                  </span>
                  <span
                    className="MuiStepLabel-labelContainer css-1vyamtt-MuiStepLabel-labelContainer"
                  >
                    <span
                      className="MuiStepLabel-label Mui-disabled css-1hv8oq8-MuiStepLabel-label"
                    >
                      Confirmation
                    </span>
                  </span>
                </span>
              </div>
            </div>
          </div>
        </div>
        <div
          className="MuiPaper-root MuiPaper-elevation MuiPaper-rounded MuiPaper-elevation1 css-1ps6pg7-MuiPaper-root"
        >
          <div
            className="MuiGrid-root MuiGrid-container MuiGrid-direction-xs-column css-s2aonh-MuiGrid-root"
          >
            <div
              className="MuiGrid-root MuiGrid-container MuiGrid-item css-lx31tv-MuiGrid-root"
            >
              <div
                className="MuiFormControl-root MuiFormControl-fullWidth css-q8hpuo-MuiFormControl-root"
              >
                <label
                  className="MuiFormLabel-root MuiInputLabel-root MuiInputLabel-formControl MuiInputLabel-animated MuiInputLabel-shrink MuiInputLabel-sizeMedium MuiInputLabel-outlined MuiFormLabel-colorPrimary MuiFormLabel-filled MuiInputLabel-root MuiInputLabel-formControl MuiInputLabel-animated MuiInputLabel-shrink MuiInputLabel-sizeMedium MuiInputLabel-outlined css-1jy569b-MuiFormLabel-root-MuiInputLabel-root"
                  data-shrink={true}
                >
                  Network
                </label>
                <div
                  className="MuiInputBase-root MuiOutlinedInput-root MuiInputBase-colorPrimary MuiInputBase-formControl  css-1yk1gt9-MuiInputBase-root-MuiOutlinedInput-root-MuiSelect-root"
                  onClick={[Function]}
                >
                  <div
                    aria-controls=":r0:"
                    aria-expanded="false"
                    aria-haspopup="listbox"
                    className="MuiSelect-select MuiSelect-outlined MuiInputBase-input MuiOutlinedInput-input css-11u53oe-MuiSelect-select-MuiInputBase-input-MuiOutlinedInput-input"
                    onBlur={[Function]}
                    onFocus={[Function]}
                    onKeyDown={[Function]}
                    onMouseDown={[Function]}
                    role="combobox"
                    tabIndex={0}
                  >
                    Polygon Mumbai
                  </div>
                  <input
                    aria-hidden={true}
                    aria-invalid={false}
                    className="MuiSelect-nativeInput css-yf8vq0-MuiSelect-nativeInput"
                    disabled={false}
                    onAnimationStart={[Function]}
                    onChange={[Function]}
                    required={false}
                    tabIndex={-1}
                    value={80001}
                  />
                  <svg
                    aria-hidden={true}
                    className="MuiSvgIcon-root MuiSvgIcon-fontSizeMedium MuiSelect-icon MuiSelect-iconOutlined css-hfutr2-MuiSvgIcon-root-MuiSelect-icon"
                    data-testid="ArrowDropDownIcon"
                    focusable="false"
                    viewBox="0 0 24 24"
                  >
                    <path
                      d="M7 10l5 5 5-5z"
                    />
                  </svg>
                  <fieldset
                    aria-hidden={true}
                    className="MuiOutlinedInput-notchedOutline css-1d3z3hw-MuiOutlinedInput-notchedOutline"
                  >
                    <legend
                      className="css-14lo706"
                    >
                      <span>
                        Network
                      </span>
                    </legend>
                  </fieldset>
                </div>
              </div>
            </div>
            <div
              className="MuiGrid-root MuiGrid-container MuiGrid-item css-12db1rc-MuiGrid-root"
            >
              <div
                className="MuiFormControl-root MuiFormControl-fullWidth MuiTextField-root css-wb57ya-MuiFormControl-root-MuiTextField-root"
              >
                <label
                  className="MuiFormLabel-root MuiInputLabel-root MuiInputLabel-formControl MuiInputLabel-animated MuiInputLabel-sizeMedium MuiInputLabel-outlined MuiFormLabel-colorPrimary MuiInputLabel-root MuiInputLabel-formControl MuiInputLabel-animated MuiInputLabel-sizeMedium MuiInputLabel-outlined css-14s5rfu-MuiFormLabel-root-MuiInputLabel-root"
                  data-shrink={false}
                  htmlFor="outlined-basic"
                  id="outlined-basic-label"
                >
                  Address
                </label>
                <div
                  className="MuiInputBase-root MuiOutlinedInput-root MuiInputBase-colorPrimary MuiInputBase-fullWidth MuiInputBase-formControl css-md26zr-MuiInputBase-root-MuiOutlinedInput-root"
                  onClick={[Function]}
                >
                  <input
                    aria-invalid={false}
                    autoFocus={false}
                    className="MuiInputBase-input MuiOutlinedInput-input css-1t8l2tu-MuiInputBase-input-MuiOutlinedInput-input"
                    disabled={false}
                    id="outlined-basic"
                    onAnimationStart={[Function]}
                    onBlur={[Function]}
                    onChange={[Function]}
                    onFocus={[Function]}
                    required={false}
                    type="text"
                    value=""
                  />
                  <fieldset
                    aria-hidden={true}
                    className="MuiOutlinedInput-notchedOutline css-1d3z3hw-MuiOutlinedInput-notchedOutline"
                  >
                    <legend
                      className="css-yjsfm1"
                    >
                      <span>
                        Address
                      </span>
                    </legend>
                  </fieldset>
                </div>
              </div>
            </div>
            <div
              className="MuiGrid-root MuiGrid-container MuiGrid-item css-fft5ex-MuiGrid-root"
            >
              <button
                className="MuiButtonBase-root MuiButton-root MuiButton-contained MuiButton-containedPrimary MuiButton-sizeMedium MuiButton-containedSizeMedium MuiButton-fullWidth MuiButton-root MuiButton-contained MuiButton-containedPrimary MuiButton-sizeMedium MuiButton-containedSizeMedium MuiButton-fullWidth css-1po1fcj-MuiButtonBase-root-MuiButton-root"
                disabled={false}
                onBlur={[Function]}
                onClick={[Function]}
                onContextMenu={[Function]}
                onDragLeave={[Function]}
                onFocus={[Function]}
                onKeyDown={[Function]}
                onKeyUp={[Function]}
                onMouseDown={[Function]}
                onMouseLeave={[Function]}
                onMouseUp={[Function]}
                onTouchEnd={[Function]}
                onTouchMove={[Function]}
                onTouchStart={[Function]}
                tabIndex={0}
                type="button"
              >
                Send me
              </button>
            </div>
            <div
              className="MuiGrid-root MuiGrid-container MuiGrid-item css-fft5ex-MuiGrid-root"
            >
              <p
                className="MuiTypography-root MuiTypography-body2 css-1d3njat-MuiTypography-root"
              >
                Token address:
              </p>
            </div>
            <div
              className="MuiGrid-root MuiGrid-container MuiGrid-item css-1w0t266-MuiGrid-root"
            >
              <p
                className="MuiTypography-root MuiTypography-body2 css-1xwhmis-MuiTypography-root"
              >
                <a
                  href="https://mumbai.polygonscan.com/address/0x0376D26246Eb35FF4F9924cF13E6C05fd0bD7Fb4"
                  style={
                    {
                      "color": "inherit",
                      "textDecoration": "none",
                    }
                  }
                >
                  0x0376D26246Eb35FF4F9924cF13E6C05fd0bD7Fb4
                </a>
              </p>
            </div>
          </div>
        </div>
      </div>
    </div>
  </div>
</div>
`;
