// Vitest Snapshot v1, https://vitest.dev/guide/snapshot.html

exports[`Success component renders correctly, corresponds to the snapshot 1`] = `
<div
  className="MuiPaper-root MuiPaper-elevation MuiPaper-rounded MuiPaper-elevation1 css-1ps6pg7-MuiPaper-root"
>
  <div
    className="MuiGrid-root MuiGrid-container MuiGrid-direction-xs-column css-1egtxzz-MuiGrid-root"
  >
    <div
      className="MuiGrid-root MuiGrid-container MuiGrid-item css-1h16bbz-MuiGrid-root"
    >
      <h2>
        âœ“
      </h2>
    </div>
    <div
      className="MuiGrid-root MuiGrid-container MuiGrid-item css-12db1rc-MuiGrid-root"
    >
      <h6
        className="MuiTypography-root MuiTypography-h6 MuiTypography-alignCenter css-1ebw6dy-MuiTypography-root"
      >
        Request Complete!
      </h6>
    </div>
    <div
      className="MuiGrid-root MuiGrid-container MuiGrid-item css-bsv1c-MuiGrid-root"
    >
      <p
        className="MuiTypography-root MuiTypography-body2 MuiTypography-alignCenter css-btzs1y-MuiTypography-root"
      >
        Congratulations, 10 testnet HMT was sent to your account
      </p>
    </div>
    <div
      className="MuiGrid-root MuiGrid-container MuiGrid-item css-15qli0e-MuiGrid-root"
    >
      <div
        className="MuiPaper-root MuiPaper-elevation MuiPaper-rounded MuiPaper-elevation1 css-1c5y1ov-MuiPaper-root"
      >
        <p
          className="MuiTypography-root MuiTypography-body2 MuiTypography-alignJustify css-1mawy8d-MuiTypography-root"
        >
          <a
            href="/undefined/tx/undefined"
            onClick={[Function]}
            style={
              {
                "color": "inherit",
                "textDecoration": "none",
              }
            }
          />
        </p>
      </div>
    </div>
    <button
      className="MuiButtonBase-root MuiButton-root MuiButton-contained MuiButton-containedPrimary MuiButton-sizeMedium MuiButton-containedSizeMedium MuiButton-root MuiButton-contained MuiButton-containedPrimary MuiButton-sizeMedium MuiButton-containedSizeMedium css-zegr85-MuiButtonBase-root-MuiButton-root"
      disabled={false}
      onBlur={[Function]}
      onClick={[Function]}
      onContextMenu={[Function]}
      onDragLeave={[Function]}
      onFocus={[Function]}
      onKeyDown={[Function]}
      onKeyUp={[Function]}
      onMouseDown={[Function]}
      onMouseLeave={[Function]}
      onMouseUp={[Function]}
      onTouchEnd={[Function]}
      onTouchMove={[Function]}
      onTouchStart={[Function]}
      tabIndex={0}
      type="button"
    >
      Home
    </button>
  </div>
</div>
`;
